// Jest Snapshot v1, https://goo.gl/fbAQLP

exports[`Pruebas en <FirstApp/> debe de hacer match con el snapshot 1`] = `
<div>
  <h1
    data-testid="test-title"
  >
    Hola, soy Goku
  </h1>
  <p>
    2023
  </p>
  <p>
    2023
  </p>
  <p>
    Fernando Herrera
  </p>
  <h1>
    La operacion mas basica es de 7
  </h1>
  <p>
    Spy un subtitulo
  </p>
</div>
`;
